// Jest Snapshot v1, https://goo.gl/fbAQLP

exports[`pages/resource/resource-equipment/ResourceEquipment 1`] = `
<ResourcePanel
  header="ResourceEquipment.headingText"
>
  <div
    className="equipmentRow"
  >
    <div>
      Karaoke
    </div>
    <div>
      Printer
    </div>
    <div>
      Projector
    </div>
  </div>
</ResourcePanel>
`;
